  Determining projects to restore...
C:\Users\PERSONAL\SwiftFill\SwiftFill.csproj : warning NU1903: Package 'Microsoft.Build' 17.10.4 has a known high severity vulnerability, https://github.com/advisories/GHSA-w3q9-fxm7-j8fq [C:\Users\PERSONAL\SwiftFill\SwiftFill.sln]
  All projects are up-to-date for restore.
C:\Users\PERSONAL\SwiftFill\SwiftFill.csproj : warning NU1903: Package 'Microsoft.Build' 17.10.4 has a known high severity vulnerability, https://github.com/advisories/GHSA-w3q9-fxm7-j8fq
C:\Users\PERSONAL\SwiftFill\Controllers\AccountController.cs(131,33): error CS0103: The name '_context' does not exist in the current context [C:\Users\PERSONAL\SwiftFill\SwiftFill.csproj]

Build FAILED.

C:\Users\PERSONAL\SwiftFill\SwiftFill.csproj : warning NU1903: Package 'Microsoft.Build' 17.10.4 has a known high severity vulnerability, https://github.com/advisories/GHSA-w3q9-fxm7-j8fq [C:\Users\PERSONAL\SwiftFill\SwiftFill.sln]
C:\Users\PERSONAL\SwiftFill\SwiftFill.csproj : warning NU1903: Package 'Microsoft.Build' 17.10.4 has a known high severity vulnerability, https://github.com/advisories/GHSA-w3q9-fxm7-j8fq
C:\Users\PERSONAL\SwiftFill\Controllers\AccountController.cs(131,33): error CS0103: The name '_context' does not exist in the current context [C:\Users\PERSONAL\SwiftFill\SwiftFill.csproj]
    2 Warning(s)
    1 Error(s)

Time Elapsed 00:00:09.40
