C:\Program Files\dotnet\sdk\10.0.201\Microsoft.Common.CurrentVersion.targets(5395,5): error MSB3027: Could not copy "C:\Users\PERSONAL\SwiftFill\obj\Debug\net10.0\apphost.exe" to "bin\Debug\net10.0\SwiftFill.exe". Exceeded retry count of 10. Failed. The file is locked by: "SwiftFill (14980)" [C:\Users\PERSONAL\SwiftFill\SwiftFill.csproj]
C:\Program Files\dotnet\sdk\10.0.201\Microsoft.Common.CurrentVersion.targets(5395,5): error MSB3021: Unable to copy file "C:\Users\PERSONAL\SwiftFill\obj\Debug\net10.0\apphost.exe" to "bin\Debug\net10.0\SwiftFill.exe". The process cannot access the file 'C:\Users\PERSONAL\SwiftFill\bin\Debug\net10.0\SwiftFill.exe' because it is being used by another process. [C:\Users\PERSONAL\SwiftFill\SwiftFill.csproj]

Build FAILED.
    12 Warning(s)
    2 Error(s)

Time Elapsed 00:00:14.96
